C51 COMPILER V9.54   DA                                                                    11/17/2025 15:18:24 PAGE 1   


C51 COMPILER V9.54, COMPILATION OF MODULE DA
OBJECT MODULE PLACED IN .\Objects\DA.obj
COMPILER INVOKED BY: D:\Keil\C51\BIN\C51.EXE DA.c OPTIMIZE(8,SPEED) BROWSE DEBUG OBJECTEXTEND PRINT(.\Listings\DA.lst) T
                    -ABS(2) OBJECT(.\Objects\DA.obj)

line level    source

   1          #include <STC89C5xRC.H>
   2          #include "DA.h"
   3          #include "PWM.h"  // ??PWM.h???
   4          
   5          // ???DA?? - ??PWM??
   6          sbit DA_PIN = P1^6;
   7          
   8          void DA_Init(void)
   9          {
  10   1          DA_PIN = 0;
  11   1      }
  12          
  13          void DA_SetValue(unsigned char value)
  14          {
  15   1          // ??PWM????DA??
  16   1          PWM_SetDuty(value);  // ??:?????PWM_SetDuty,????
  17   1      }
  18          
  19          unsigned char DA_GetValue(void)
  20          {
  21   1          return PWM_GetDuty();
  22   1      }


MODULE INFORMATION:   STATIC OVERLAYABLE
   CODE SIZE        =     10    ----
   CONSTANT SIZE    =   ----    ----
   XDATA SIZE       =   ----    ----
   PDATA SIZE       =   ----    ----
   DATA SIZE        =   ----    ----
   IDATA SIZE       =   ----    ----
   BIT SIZE         =   ----    ----
END OF MODULE INFORMATION.


C51 COMPILATION COMPLETE.  0 WARNING(S),  0 ERROR(S)
